    Addr      Off     Size Out     In      Symbol
       -        8       20 TYPE
       -       28       70 IMPORT
       -       98       16 FUNCTION
       -       ae        7 TABLE
       -       b5        5 MEMORY
       -       ba        f GLOBAL
       0        0        0         __stack_pointer
       -       c9       15 EXPORT
       -       de     2323 CODE
       -       df        3         <internal>:(__wasm_call_ctors)
       -       e2       58         /Users/yusangeng/wasi-sdk/share/wasi-sysroot/lib/wasm32-wasip1/crt1-command.o:(_start)
       -       e2       58                 _start
       -      13a        a         /var/folders/dc/61lk2kgn1697rt0gd1s5jwf80000gn/T/tmp-e131df.o:(__main_argc_argv)
       -      13a        a                 main
       -      144        c         /Users/yusangeng/wasi-sdk/share/wasi-sysroot/lib/wasm32-wasip1/libc.a(_Exit.c.obj):(_Exit)
       -      144        c                 _Exit
       -      144        c                 _exit
       -      150       d7         /Users/yusangeng/wasi-sdk/share/wasi-sysroot/lib/wasm32-wasip1/libc.a(__main_void.c.obj):(__main_void)
       -      150       d7                 __main_void
       -      227       12         /Users/yusangeng/wasi-sdk/share/wasi-sysroot/lib/wasm32-wasip1/libc.a(__wasilibc_real.c.obj):(__wasi_args_get)
       -      227       12                 __wasi_args_get
       -      239       12         /Users/yusangeng/wasi-sdk/share/wasi-sysroot/lib/wasm32-wasip1/libc.a(__wasilibc_real.c.obj):(__wasi_args_sizes_get)
       -      239       12                 __wasi_args_sizes_get
       -      24b        c         /Users/yusangeng/wasi-sdk/share/wasi-sysroot/lib/wasm32-wasip1/libc.a(__wasilibc_real.c.obj):(__wasi_proc_exit)
       -      24b        c                 __wasi_proc_exit
       -      257       e1         /Users/yusangeng/wasi-sdk/share/wasi-sysroot/lib/wasm32-wasip1/libc.a(__init_tls.c.obj):(__wasi_init_tp)
       -      257       e1                 __wasi_init_tp
       -      338        3         /Users/yusangeng/wasi-sdk/share/wasi-sysroot/lib/wasm32-wasip1/libc.a(exit.c.obj):(dummy)
       -      338        3                 dummy
       -      338        3                 __funcs_on_exit
       -      338        3                 __stdio_exit
       -      33b        f         /Users/yusangeng/wasi-sdk/share/wasi-sysroot/lib/wasm32-wasip1/libc.a(exit.c.obj):(__wasm_call_dtors)
       -      33b        f                 __wasm_call_dtors
       -      34a        4         /Users/yusangeng/wasi-sdk/share/wasi-sysroot/lib/wasm32-wasip1/libc.a(abort.c.obj):(abort)
       -      34a        4                 abort
       -      34e       64         /Users/yusangeng/wasi-sdk/share/wasi-sysroot/lib/wasm32-wasip1/libc.a(sbrk.c.obj):(sbrk)
       -      34e       64                 sbrk
       -      3b2        b         /Users/yusangeng/wasi-sdk/share/wasi-sysroot/lib/wasm32-wasip1/libc.a(dlmalloc.c.obj):(malloc)
       -      3b2        b                 malloc
       -      3b2        b                 __libc_malloc
       -      3bd     150f         /Users/yusangeng/wasi-sdk/share/wasi-sysroot/lib/wasm32-wasip1/libc.a(dlmalloc.c.obj):(dlmalloc)
       -      3bd     150f                 dlmalloc
       -     18cc      42e         /Users/yusangeng/wasi-sdk/share/wasi-sysroot/lib/wasm32-wasip1/libc.a(dlmalloc.c.obj):(prepend_alloc)
       -     18cc      42e                 prepend_alloc
       -     1cfa        b         /Users/yusangeng/wasi-sdk/share/wasi-sysroot/lib/wasm32-wasip1/libc.a(dlmalloc.c.obj):(free)
       -     1cfa        b                 free
       -     1cfa        b                 __libc_free
       -     1d05      68c         /Users/yusangeng/wasi-sdk/share/wasi-sysroot/lib/wasm32-wasip1/libc.a(dlmalloc.c.obj):(dlfree)
       -     1d05      68c                 dlfree
       -     2391       6d         /Users/yusangeng/wasi-sdk/share/wasi-sysroot/lib/wasm32-wasip1/libc.a(dlmalloc.c.obj):(calloc)
       -     2391       6d                 calloc
       -     2391       6d                 __libc_calloc
       -     2401        e DATA
   10000     2402        4 .data
   10000     2409        4         /Users/yusangeng/wasi-sdk/share/wasi-sysroot/lib/wasm32-wasip1/libc.a(default_attr.c.obj):(.data.__default_stacksize)
   10000     2409        4                 __default_stacksize
   10004     2401      268 .bss
   10004        0        4         /Users/yusangeng/wasi-sdk/share/wasi-sysroot/lib/wasm32-wasip1/crt1-command.o:(.bss._start.started)
   10004        0        4                 _start.started
   10008        0        4         /Users/yusangeng/wasi-sdk/share/wasi-sysroot/lib/wasm32-wasip1/libc.a(defsysinfo.c.obj):(.bss.__sysinfo)
   10008        0        4                 __sysinfo
   1000c        0       6c         /Users/yusangeng/wasi-sdk/share/wasi-sysroot/lib/wasm32-wasip1/libc.a(pthread_self.c.obj):(.bss.__wasilibc_pthread_self)
   1000c        0       6c                 __wasilibc_pthread_self
   10078        0        4         /Users/yusangeng/wasi-sdk/share/wasi-sysroot/lib/wasm32-wasip1/libc.a(errno.c.obj):(.bss.errno)
   10078        0        4                 errno
   1007c        0      1d8         /Users/yusangeng/wasi-sdk/share/wasi-sysroot/lib/wasm32-wasip1/libc.a(dlmalloc.c.obj):(.bss._gm_)
   1007c        0      1d8                 _gm_
   10254        0       18         /Users/yusangeng/wasi-sdk/share/wasi-sysroot/lib/wasm32-wasip1/libc.a(dlmalloc.c.obj):(.bss.mparams)
   10254        0       18                 mparams
       -     240f     3c07 CUSTOM(.debug_loc)
       -     6016      983 CUSTOM(.debug_abbrev)
       -     6999     5262 CUSTOM(.debug_info)
       -     bbfb     1d3e CUSTOM(.debug_str)
       -     d939     345d CUSTOM(.debug_line)
       -    10d96      7f1 CUSTOM(.debug_ranges)
       -    11587      1c4 CUSTOM(name)
       -    1174b       91 CUSTOM(producers)
       -    117dc       bb CUSTOM(target_features)
